// Jest Snapshot v1, https://goo.gl/fbAQLP

exports[`Table component should render correctly and do some action renders correctly 1`] = `
<View
  style={
    [
      {
        "width": "100%",
      },
    ]
  }
>
  <RCTScrollView
    horizontal={true}
  >
    <View>
      <View
        style={
          [
            {
              "flexDirection": "column",
            },
            {
              "borderBottomWidth": 1,
              "borderLeftWidth": 1,
              "borderRightWidth": 1,
              "borderTopWidth": 1,
            },
          ]
        }
      >
        <View
          style={
            [
              {
                "flexDirection": "row",
              },
            ]
          }
        />
        <View
          style={
            [
              {
                "flexDirection": "row",
              },
              [
                {
                  "borderBottomWidth": 0,
                  "borderTopWidth": 1,
                },
              ],
            ]
          }
        >
          <View
            style={
              [
                {
                  "display": "flex",
                },
                {
                  "alignItems": "center",
                },
                {
                  "justifyContent": "center",
                },
              ]
            }
          >
            <View
              style={
                [
                  {
                    "marginBottom": 16,
                    "marginLeft": 16,
                    "marginRight": 16,
                    "marginTop": 16,
                  },
                  {
                    "paddingBottom": 6,
                    "paddingTop": 6,
                  },
                  {
                    "paddingLeft": 8,
                    "paddingRight": 8,
                  },
                ]
              }
            >
              <View
                accessibilityRole="button"
                accessibilityState={
                  {
                    "busy": undefined,
                    "checked": undefined,
                    "disabled": undefined,
                    "expanded": undefined,
                    "selected": undefined,
                  }
                }
                accessibilityValue={
                  {
                    "max": undefined,
                    "min": undefined,
                    "now": undefined,
                    "text": undefined,
                  }
                }
                accessible={true}
                collapsable={false}
                focusable={true}
                onClick={[Function]}
                onResponderGrant={[Function]}
                onResponderMove={[Function]}
                onResponderRelease={[Function]}
                onResponderTerminate={[Function]}
                onResponderTerminationRequest={[Function]}
                onStartShouldSetResponder={[Function]}
                style={
                  {
                    "opacity": 1,
                  }
                }
                testID="table-action"
              >
                <View
                  style={
                    [
                      {},
                    ]
                  }
                >
                  <Text
                    style={
                      [
                        {
                          "color": "#007AFF",
                          "fontSize": 18,
                          "margin": 8,
                          "textAlign": "center",
                        },
                        {
                          "color": "blue",
                        },
                      ]
                    }
                  >
                    Student 2
                  </Text>
                </View>
              </View>
            </View>
          </View>
        </View>
        <View
          style={
            [
              {
                "flexDirection": "row",
              },
              [
                {
                  "borderBottomWidth": 0,
                  "borderTopWidth": 1,
                },
              ],
            ]
          }
        >
          <View
            style={
              [
                {
                  "display": "flex",
                },
                {
                  "alignItems": "center",
                },
                {
                  "justifyContent": "center",
                },
              ]
            }
          >
            <View
              style={
                [
                  {
                    "marginBottom": 16,
                    "marginLeft": 16,
                    "marginRight": 16,
                    "marginTop": 16,
                  },
                  {
                    "paddingBottom": 6,
                    "paddingTop": 6,
                  },
                  {
                    "paddingLeft": 8,
                    "paddingRight": 8,
                  },
                ]
              }
            >
              <View
                accessibilityRole="button"
                accessibilityState={
                  {
                    "busy": undefined,
                    "checked": undefined,
                    "disabled": undefined,
                    "expanded": undefined,
                    "selected": undefined,
                  }
                }
                accessibilityValue={
                  {
                    "max": undefined,
                    "min": undefined,
                    "now": undefined,
                    "text": undefined,
                  }
                }
                accessible={true}
                collapsable={false}
                focusable={true}
                onClick={[Function]}
                onResponderGrant={[Function]}
                onResponderMove={[Function]}
                onResponderRelease={[Function]}
                onResponderTerminate={[Function]}
                onResponderTerminationRequest={[Function]}
                onStartShouldSetResponder={[Function]}
                style={
                  {
                    "opacity": 1,
                  }
                }
                testID="table-action"
              >
                <View
                  style={
                    [
                      {},
                    ]
                  }
                >
                  <Text
                    style={
                      [
                        {
                          "color": "#007AFF",
                          "fontSize": 18,
                          "margin": 8,
                          "textAlign": "center",
                        },
                        {
                          "color": "blue",
                        },
                      ]
                    }
                  >
                    Student 3
                  </Text>
                </View>
              </View>
            </View>
          </View>
        </View>
      </View>
    </View>
  </RCTScrollView>
</View>
`;
